Component assigned into multiple groups: Drone_10
The following groups are missing in the assignment: protecting Field_2, protecting Field_3, protecting Field_9, protecting Field_1, protecting Field_8, protecting Field_6, protecting Field_12, protecting Field_10, protecting Field_7, protecting Field_11
The following groups are missing in the assignment: protecting Field_9, protecting Field_1, protecting Field_8, protecting Field_12, protecting Field_10, protecting Field_7, protecting Field_11
Unknown component: protecting Field_12
The following groups are missing in the assignment: protecting Field_9, protecting Field_1, protecting Field_8, protecting Field_6, protecting Field_12, protecting Field_10, protecting Field_7, protecting Field_11
The following groups are missing in the assignment: protecting Field_9, protecting Field_1, protecting Field_8, protecting Field_12, protecting Field_10, protecting Field_7, protecting Field_11
Invalid field in protecting group: protecting Field_4,
Invalid field in protecting group: protecting Field_10,
Invalid field in protecting group: protecting Field_2,
Invalid field in protecting group: protecting Field_4,
Invalid field in protecting group: protecting Field_4,
The following components have not been assigned to a group: Drone_3, Drone_10, Drone_11, Drone_18, Drone_19
Invalid field in protecting group: protecting Field_4,
Invalid field in protecting group: protecting Field_10,
Invalid field in protecting group: protecting Field_4,
Invalid field in protecting group: protecting Field_4,
Invalid field in protecting group: protecting Field_4,
Invalid field in protecting group: protecting Field_4,
Invalid field in protecting group: protecting Field_2,
The following components have not been assigned to a group: Drone_3, Drone_10, Drone_11, Drone_18, Drone_19, Drone_20, Drone_22
Unknown component: protecting Field_12
