The following components have not been assigned to a group: Drone_18, Drone_36, Drone_65, Drone_66, Drone_67, Drone_68, Drone_69, Drone_70, Drone_71, Drone_72, Drone_73, Drone_74, Drone_75, Drone_76, Drone_77, Drone_78, Drone_79, Drone_90, Drone_94, Drone_95, Drone_96, Drone_97, Drone_98, Drone_99, Drone_100, Drone_101, Drone_102, Drone_103, Drone_104, Drone_105, Drone_106, Drone_107, Drone_108, Drone_109, Drone_110, Drone_111, Drone_112, Drone_113, Drone_114, Drone_115, Drone_116, Drone_117, Drone_127, Drone_128, Drone_129, Drone_130, Drone_131, Drone_132, Drone_133, Drone_134, Drone_135, Drone_136, Drone_137, Drone_138, Drone_139, Drone_140, Drone_141, Drone_142, Drone_143, Drone_144, Drone_145, Drone_147, Drone_148, Drone_149, Drone_150, Drone_151, Drone_152, Drone_153, Drone_154, Drone_155, Drone_156, Drone_157, Drone_158, Drone_159, Drone_160, Drone_161, Drone_162, Drone_163, Drone_164, Drone_165, Drone_166, Drone_167, Drone_168, Drone_169, Drone_170, Drone_171, Drone_172, Drone_173, Drone_174, Drone_175, Drone_176, Drone_177, Drone_178, Drone_179, Drone_180, Drone_181, Drone_182, Drone_183, Drone_184, Drone_185, Drone_186, Drone_187, Drone_188, Drone_189, Drone_190, Drone_191, Drone_192, Drone_193, Drone_194, Drone_195, Drone_196, Drone_197, Drone_198, Drone_199, Drone_200, Drone_201, Drone_202, Drone_203, Drone_204, Drone_205, Drone_206, Drone_207, Drone_208, Drone_209, Drone_210, Drone_211, Drone_212, Drone_213, Drone_214, Drone_215, Drone_216, Drone_217, Drone_218, Drone_219, Drone_220, Drone_221, Drone_222, Drone_223, Drone_224, Drone_225, Drone_226, Drone_227, Drone_228, Drone_229, Drone_230, Drone_231, Drone_232, Drone_233, Drone_234, Drone_235, Drone_236, Drone_237, Drone_238, Drone_239, Drone_240, Drone_241, Drone_242, Drone_243, Drone_244, Drone_245, Drone_246, Drone_247, Drone_248, Drone_249, Drone_250, Drone_251, Drone_252, Drone_253, Drone_254, Drone_255, Drone_256, Drone_257, Drone_258, Drone_259, Drone_260, Drone_261, Drone_262, Drone_263, Drone_264, Drone_265, Drone_266, Drone_267, Drone_268, Drone_269, Drone_270, Drone_271, Drone_272, Drone_273, Drone_274, Drone_275, Drone_276, Drone_277, Drone_278, Drone_279, Drone_280, Drone_281, Drone_282, Drone_283, Drone_284, Drone_285, Drone_286, Drone_287, Drone_288, Drone_289, Drone_290, Drone_291, Drone_292, Drone_293, Drone_294, Drone_295, Drone_296, Drone_297, Drone_298, Drone_299, Drone_300, Drone_301, Drone_302, Drone_303, Drone_304, Drone_305, Drone_306, Drone_307, Drone_308, Drone_309, Drone_310, Drone_311, Drone_312, Drone_313, Drone_314, Drone_315, Drone_316, Drone_317, Drone_318, Drone_319, Drone_320, Drone_321, Drone_322, Drone_323, Drone_324, Drone_325, Drone_326, Drone_327, Drone_328, Drone_329, Drone_330, Drone_331, Drone_332, Drone_333, Drone_334, Drone_335, Drone_336, Drone_337, Drone_338, Drone_339, Drone_340, Drone_341, Drone_342, Drone_343, Drone_344, Drone_345, Drone_346, Drone_347, Drone_348, Drone_349, Drone_350, Drone_351, Drone_352, Drone_353, Drone_354, Drone_355, Drone_356, Drone_357, Drone_358, Drone_359, Drone_360, Drone_361, Drone_362, Drone_363, Drone_364, Drone_365, Drone_366, Drone_367, Drone_368, Drone_369, Drone_370, Drone_371, Drone_372, Drone_373, Drone_374, Drone_375, Drone_376, Drone_377, Drone_378, Drone_379, Drone_380, Drone_381, Drone_382, Drone_383, Drone_384, Drone_385, Drone_386, Drone_387, Drone_388, Drone_389, Drone_390, Drone_391, Drone_392, Drone_393, Drone_394, Drone_395, Drone_396, Drone_397, Drone_398, Drone_399, Drone_400, Drone_401, Drone_402, Drone_403, Drone_404, Drone_405, Drone_406, Drone_407, Drone_408, Drone_409, Drone_410, Drone_411, Drone_412, Drone_413, Drone_414, Drone_415, Drone_416, Drone_417, Drone_418, Drone_419, Drone_420, Drone_421, Drone_422, Drone_423, Drone_424, Drone_425, Drone_426, Drone_427, Drone_428, Drone_429, Drone_430, Drone_431, Drone_432, Drone_433, Drone_434, Drone_435, Drone_436, Drone_437
Component assigned into multiple groups: Drone_81
Component assigned into multiple groups: Drone_92
Component assigned into multiple groups: Drone_93
Component assigned into multiple groups: Drone_52
Component assigned into multiple groups: Drone_90
Component assigned into multiple groups: Drone_128
The following components have not been assigned to a group: Drone_8, Drone_34, Drone_44, Drone_51, Drone_66, Drone_67, Drone_71, Drone_73, Drone_74, Drone_76, Drone_77, Drone_85, Drone_89, Drone_92, Drone_96, Drone_97, Drone_105, Drone_108, Drone_109, Drone_114, Drone_116, Drone_117, Drone_118, Drone_120, Drone_122, Drone_123, Drone_124, Drone_125, Drone_130, Drone_131, Drone_136, Drone_143, Drone_146, Drone_147, Drone_148, Drone_149, Drone_152, Drone_154, Drone_155, Drone_163, Drone_166, Drone_168, Drone_169, Drone_170, Drone_171, Drone_172, Drone_175, Drone_176, Drone_178, Drone_179, Drone_181, Drone_182, Drone_188, Drone_191, Drone_192, Drone_193, Drone_198, Drone_199, Drone_200, Drone_207, Drone_209, Drone_211, Drone_212, Drone_214, Drone_216, Drone_218, Drone_220, Drone_222, Drone_229, Drone_230, Drone_235, Drone_236, Drone_237, Drone_239, Drone_244, Drone_245, Drone_249, Drone_250, Drone_251, Drone_252, Drone_253, Drone_254, Drone_256, Drone_257, Drone_258, Drone_260, Drone_264, Drone_266, Drone_267, Drone_268, Drone_269, Drone_272, Drone_273, Drone_275, Drone_276, Drone_279, Drone_280, Drone_281, Drone_287, Drone_288, Drone_289, Drone_291, Drone_293, Drone_294, Drone_300, Drone_311, Drone_314, Drone_315, Drone_317, Drone_319, Drone_320, Drone_321, Drone_323, Drone_324, Drone_326, Drone_327, Drone_328, Drone_329, Drone_330, Drone_331, Drone_333, Drone_334, Drone_338, Drone_340, Drone_341, Drone_343, Drone_345, Drone_346, Drone_348, Drone_350, Drone_353, Drone_354, Drone_355, Drone_356, Drone_360, Drone_362, Drone_363, Drone_364, Drone_365, Drone_367, Drone_368, Drone_369, Drone_370, Drone_371, Drone_372, Drone_373, Drone_374, Drone_376, Drone_377, Drone_378, Drone_379, Drone_380, Drone_381, Drone_382, Drone_383, Drone_384, Drone_385, Drone_386, Drone_387, Drone_388, Drone_389, Drone_390, Drone_391, Drone_392, Drone_393, Drone_394, Drone_395, Drone_396, Drone_397, Drone_398, Drone_399, Drone_400, Drone_401, Drone_402, Drone_403, Drone_404, Drone_405, Drone_406, Drone_407, Drone_408, Drone_409, Drone_410, Drone_411, Drone_412, Drone_413, Drone_414, Drone_415, Drone_416, Drone_417, Drone_418, Drone_419, Drone_420, Drone_421, Drone_422, Drone_423, Drone_424, Drone_425, Drone_426, Drone_427, Drone_428, Drone_429, Drone_430, Drone_431, Drone_432, Drone_433, Drone_434, Drone_435, Drone_436, Drone_437
Component assigned into multiple groups: Drone_5
Component assigned into multiple groups: Drone_8
Component assigned into multiple groups: Drone_12
Component assigned into multiple groups: Drone_13
Component assigned into multiple groups: Drone_15
Component assigned into multiple groups: Drone_22
Component assigned into multiple groups: Drone_27
Component assigned into multiple groups: Drone_44
The following components have not been assigned to a group: Drone_31, Drone_62, Drone_84, Drone_91, Drone_138, Drone_145, Drone_157
The following components have not been assigned to a group: Drone_431
BadRequestError('Error code: 400 - {\'error\': {\'message\': "This model\'s maximum context length is 128000 tokens. However, your messages resulted in 1001579 tokens. Please reduce the length of the messages.", \'type\': \'invalid_request_error\', \'param\': \'messages\', \'code\': \'context_length_exceeded\'}}')
Unknown component: Drone_438
Unknown component: Drone_439
Unknown component: Drone_440
Unknown component: Drone_441
Unknown component: Drone_442
Unknown component: Drone_443
Unknown component: Drone_444
Unknown component: Drone_445
Unknown component: Drone_446
Unknown component: Drone_447
Unknown component: Drone_448
Unknown component: Drone_449
Unknown component: Drone_450
Unknown component: Drone_451
Unknown component: Drone_452
Unknown component: Drone_453
Unknown component: Drone_454
Unknown component: Drone_455
Unknown component: Drone_456
Unknown component: Drone_457
Unknown component: Drone_458
Unknown component: Drone_459
Unknown component: Drone_460
Unknown component: Drone_461
Unknown component: Drone_462
Unknown component: Drone_463
Unknown component: Drone_464
Unknown component: Drone_465
Unknown component: Drone_466
Unknown component: Drone_467
Unknown component: Drone_468
Unknown component: Drone_469
Unknown component: Drone_470
Unknown component: Drone_471
Unknown component: Drone_472
Unknown component: Drone_473
Unknown component: Drone_474
Unknown component: Drone_475
Unknown component: Drone_476
Unknown component: Drone_477
Unknown component: Drone_478
Unknown component: Drone_479
Unknown component: Drone_480
Unknown component: Drone_481
Unknown component: Drone_482
Unknown component: Drone_483
Unknown component: Drone_484
Unknown component: Drone_485
Unknown component: Drone_486
Unknown component: Drone_487
Unknown component: Drone_488
Unknown component: Drone_489
Unknown component: Drone_490
Unknown component: Drone_491
Unknown component: Drone_492
Unknown component: Drone_493
Unknown component: Drone_494
Unknown component: Drone_495
Unknown component: Drone_496
Unknown component: Drone_497
Unknown component: Drone_498
Unknown component: Drone_499
Unknown component: Drone_500
Unknown component: Drone_501
Unknown component: Drone_502
Unknown component: Drone_503
Unknown component: Drone_504
Unknown component: Drone_505
Unknown component: Drone_506
Unknown component: Drone_507
Unknown component: Drone_508
Unknown component: Drone_509
Unknown component: Drone_510
Unknown component: Drone_511
Unknown component: Drone_512
Unknown component: Drone_513
Unknown component: Drone_514
Unknown component: Drone_515
Unknown component: Drone_516
Unknown component: Drone_517
Unknown component: Drone_518
Unknown component: Drone_519
Unknown component: Drone_520
Unknown component: Drone_521
Unknown component: Drone_522
Unknown component: Drone_523
Unknown component: Drone_524
Unknown component: Drone_525
Unknown component: Drone_526
Unknown component: Drone_527
Unknown component: Drone_528
Unknown component: Drone_529
Unknown component: Drone_530
Unknown component: Drone_531
Unknown component: Drone_532
Unknown component: Drone_533
Unknown component: Drone_534
Unknown component: Drone_535
Unknown component: Drone_536
Unknown component: Drone_537
Unknown component: Drone_538
Unknown component: Drone_539
Unknown component: Drone_540
Unknown component: Drone_541
Unknown component: Drone_542
Unknown component: Drone_543
Unknown component: Drone_544
Unknown component: Drone_545
Unknown component: Drone_546
Unknown component: Drone_547
Unknown component: Drone_548
Unknown component: Drone_549
Unknown component: Drone_550
Unknown component: Drone_551
Unknown component: Drone_552
Unknown component: Drone_553
Unknown component: Drone_554
Unknown component: Drone_555
Unknown component: Drone_556
Unknown component: Drone_557
Unknown component: Drone_558
Unknown component: Drone_559
Unknown component: Drone_560
Unknown component: Drone_561
Unknown component: Drone_562
Unknown component: Drone_563
Unknown component: Drone_564
Unknown component: Drone_565
Unknown component: Drone_566
Unknown component: Drone_567
Unknown component: Drone_568
Unknown component: Drone_569
Unknown component: Drone_570
Unknown component: Drone_571
Unknown component: Drone_572
Unknown component: Drone_573
Unknown component: Drone_574
Unknown component: Drone_575
Unknown component: Drone_576
Unknown component: Drone_577
Unknown component: Drone_578
Unknown component: Drone_579
Unknown component: Drone_580
Unknown component: Drone_581
Unknown component: Drone_582
Unknown component: Drone_583
Unknown component: Drone_584
Unknown component: Drone_585
Unknown component: Drone_586
Unknown component: Drone_587
Unknown component: Drone_588
Unknown component: Drone_589
Unknown component: Drone_590
Unknown component: Drone_591
Unknown component: Drone_592
Unknown component: Drone_593
Unknown component: Drone_594
Unknown component: Drone_595
Unknown component: Drone_596
Unknown component: Drone_597
Unknown component: Drone_598
Unknown component: Drone_599
Unknown component: Drone_600
Unknown component: Drone_601
Unknown component: Drone_602
Unknown component: Drone_603
Unknown component: Drone_604
Unknown component: Drone_605
Unknown component: Drone_606
Unknown component: Drone_607
Unknown component: Drone_608
Unknown component: Drone_609
Unknown component: Drone_610
Unknown component: Drone_611
Unknown component: Drone_612
Unknown component: Drone_613
Unknown component: Drone_614
Unknown component: Drone_615
Unknown component: Drone_616
Unknown component: Drone_617
Unknown component: Drone_618
Unknown component: Drone_619
Unknown component: Drone_620
Unknown component: Drone_621
Unknown component: Drone_622
Unknown component: Drone_623
Unknown component: Drone_624
Unknown component: Drone_625
Unknown component: Drone_626
Unknown component: Drone_627
Unknown component: Drone_628
Unknown component: Drone_629
Unknown component: Drone_630
Unknown component: Drone_631
Unknown component: Drone_632
Unknown component: Drone_633
Unknown component: Drone_634
Unknown component: Drone_635
Unknown component: Drone_636
Unknown component: Drone_637
Unknown component: Drone_638
Unknown component: Drone_639
Unknown component: Drone_640
Unknown component: Drone_641
Unknown component: Drone_642
Unknown component: Drone_643
Unknown component: Drone_644
Unknown component: Drone_645
Unknown component: Drone_646
Unknown component: Drone_647
Unknown component: Drone_648
Unknown component: Drone_649
Unknown component: Drone_650
Unknown component: Drone_651
Unknown component: Drone_652
Unknown component: Drone_653
Unknown component: Drone_654
Unknown component: Drone_655
Unknown component: Drone_656
Unknown component: Drone_657
Unknown component: Drone_658
Unknown component: Drone_659
Unknown component: Drone_660
Unknown component: Drone_661
Unknown component: Drone_662
Unknown component: Drone_663
Unknown component: Drone_664
Unknown component: Drone_665
Unknown component: Drone_666
Unknown component: Drone_667
Unknown component: Drone_668
Unknown component: Drone_669
Unknown component: Drone_670
Unknown component: Drone_671
Unknown component: Drone_672
Unknown component: Drone_673
Unknown component: Drone_674
Unknown component: Drone_675
Unknown component: Drone_676
Unknown component: Drone_677
Unknown component: Drone_678
Unknown component: Drone_679
Unknown component: Drone_680
Unknown component: Drone_681
Unknown component: Drone_682
Unknown component: Drone_683
Unknown component: Drone_684
Unknown component: Drone_685
Unknown component: Drone_686
Unknown component: Drone_687
Unknown component: Drone_688
Unknown component: Drone_689
Unknown component: Drone_690
Unknown component: Drone_691
Unknown component: Drone_692
Unknown component: Drone_693
Unknown component: Drone_694
Unknown component: Drone_695
Unknown component: Drone_696
Unknown component: Drone_697
Unknown component: Drone_698
Unknown component: Drone_699
Unknown component: Drone_700
Unknown component: Drone_701
Unknown component: Drone_702
Unknown component: Drone_703
Unknown component: Drone_704
Unknown component: Drone_705
Unknown component: Drone_706
Unknown component: Drone_707
Unknown component: Drone_708
Unknown component: Drone_709
Unknown component: Drone_710
Unknown component: Drone_711
Unknown component: Drone_712
Unknown component: Drone_713
Unknown component: Drone_714
Unknown component: Drone_715
Unknown component: Drone_716
Unknown component: Drone_717
Unknown component: Drone_718
Unknown component: Drone_719
Unknown component: Drone_720
Unknown component: Drone_721
Unknown component: Drone_722
Unknown component: Drone_723
Unknown component: Drone_724
Unknown component: Drone_725
Unknown component: Drone_726
Unknown component: Drone_727
Unknown component: Drone_728
Unknown component: Drone_729
Unknown component: Drone_730
Unknown component: Drone_731
Unknown component: Drone_732
Unknown component: Drone_733
Unknown component: Drone_734
Unknown component: Drone_735
Unknown component: Drone_736
Unknown component: Drone_737
Unknown component: Drone_738
Unknown component: Drone_739
Unknown component: Drone_740
Unknown component: Drone_741
Unknown component: Drone_742
Unknown component: Drone_743
Unknown component: Drone_744
Unknown component: Drone_745
Unknown component: Drone_746
Unknown component: Drone_747
Unknown component: Drone_748
Unknown component: Drone_749
Unknown component: Drone_750
Unknown component: Drone_751
Unknown component: Drone_752
Unknown component: Drone_753
Unknown component: Drone_754
Unknown component: Drone_755
Unknown component: Drone_756
Unknown component: Drone_757
Unknown component: Drone_758
Unknown component: Drone_759
Component assigned into multiple groups: Drone_80
Component assigned into multiple groups: Drone_81
Component assigned into multiple groups: Drone_82
Component assigned into multiple groups: Drone_83
Component assigned into multiple groups: Drone_52
Component assigned into multiple groups: Drone_27
Component assigned into multiple groups: Drone_90
Component assigned into multiple groups: Drone_62
Component assigned into multiple groups: Drone_91
The following components have not been assigned to a group: Drone_37, Drone_136, Drone_195, Drone_206, Drone_207, Drone_219, Drone_223, Drone_256
The following groups are missing in the assignment: protecting Field_110, protecting Field_168, protecting Field_14, protecting Field_143, protecting Field_162, protecting Field_171, protecting Field_184, protecting Field_113, protecting Field_115, protecting Field_123, protecting Field_39, protecting Field_105, protecting Field_38, protecting Field_72, protecting Field_32, protecting Field_186, protecting Field_66, protecting Field_60, protecting Field_191, protecting Field_46, protecting Field_121, protecting Field_192, protecting Field_200, protecting Field_161, protecting Field_36, protecting Field_220, protecting Field_80, protecting Field_56, protecting Field_148, protecting Field_31, protecting Field_101, protecting Field_173, protecting Field_203, protecting Field_82, protecting Field_8, protecting Field_69, protecting Field_224, protecting Field_83, protecting Field_3, protecting Field_135, protecting Field_138, protecting Field_73, protecting Field_27, protecting Field_152, protecting Field_86, protecting Field_50, protecting Field_114, protecting Field_112, protecting Field_118, protecting Field_131, protecting Field_208, protecting Field_68, protecting Field_29, protecting Field_58, protecting Field_6, protecting Field_99, protecting Field_35, protecting Field_132, protecting Field_225, protecting Field_185, protecting Field_75, protecting Field_49, protecting Field_98, protecting Field_190, protecting Field_209, protecting Field_165, protecting Field_76, protecting Field_207, protecting Field_62, protecting Field_199, protecting Field_22, protecting Field_26, protecting Field_174, protecting Field_104, protecting Field_92, protecting Field_77, protecting Field_85, protecting Field_63, protecting Field_30, protecting Field_189, protecting Field_210, protecting Field_97, protecting Field_223, protecting Field_146, protecting Field_127, protecting Field_228, protecting Field_119, protecting Field_188, protecting Field_52, protecting Field_149, protecting Field_141, protecting Field_100, protecting Field_17, protecting Field_94, protecting Field_19, protecting Field_24, protecting Field_42, protecting Field_116, protecting Field_117, protecting Field_57, protecting Field_81, protecting Field_108, protecting Field_193, protecting Field_28, protecting Field_44, protecting Field_65, protecting Field_55, protecting Field_20, protecting Field_218, protecting Field_103, protecting Field_12, protecting Field_150, protecting Field_201, protecting Field_33, protecting Field_89, protecting Field_102, protecting Field_91, protecting Field_157, protecting Field_70, protecting Field_206, protecting Field_47, protecting Field_202, protecting Field_51, protecting Field_64, protecting Field_106, protecting Field_213, protecting Field_177, protecting Field_163, protecting Field_183, protecting Field_45, protecting Field_134, protecting Field_71, protecting Field_120, protecting Field_16, protecting Field_216, protecting Field_67, protecting Field_181, protecting Field_128, protecting Field_196, protecting Field_74, protecting Field_7, protecting Field_126, protecting Field_182, protecting Field_111, protecting Field_159, protecting Field_144, protecting Field_5, protecting Field_151, protecting Field_137, protecting Field_166, protecting Field_155, protecting Field_227, protecting Field_160, protecting Field_37, protecting Field_93, protecting Field_4, protecting Field_221, protecting Field_84, protecting Field_145, protecting Field_176, protecting Field_136, protecting Field_61, protecting Field_25, protecting Field_90, protecting Field_156, protecting Field_53, protecting Field_34, protecting Field_9, protecting Field_147, protecting Field_164, protecting Field_204, protecting Field_214, protecting Field_79, protecting Field_11, protecting Field_95, protecting Field_40, protecting Field_124, protecting Field_140, protecting Field_154, protecting Field_179, protecting Field_215, protecting Field_158, protecting Field_167, protecting Field_15, protecting Field_169, protecting Field_18, protecting Field_195, protecting Field_172, protecting Field_212, protecting Field_54, protecting Field_59, protecting Field_180, protecting Field_1, protecting Field_87, protecting Field_130, protecting Field_48, protecting Field_217, protecting Field_142, protecting Field_139, protecting Field_153, protecting Field_109, protecting Field_43, protecting Field_107
The following components have not been assigned to a group: Drone_16
Component assigned into multiple groups: Drone_4
Component assigned into multiple groups: Drone_5
Component assigned into multiple groups: Drone_21
Component assigned into multiple groups: Drone_32
Component assigned into multiple groups: Drone_36
Component assigned into multiple groups: Drone_23
Component assigned into multiple groups: Drone_46
The following components have not been assigned to a group: Drone_8, Drone_17, Drone_18, Drone_24, Drone_43, Drone_51, Drone_71, Drone_76, Drone_77, Drone_78, Drone_85, Drone_86, Drone_95, Drone_123, Drone_125, Drone_133, Drone_134, Drone_136, Drone_137, Drone_141, Drone_142, Drone_143, Drone_163, Drone_164, Drone_165, Drone_185, Drone_187, Drone_194, Drone_199, Drone_203, Drone_209, Drone_213, Drone_226, Drone_229, Drone_230, Drone_231, Drone_232, Drone_233, Drone_234, Drone_235, Drone_236, Drone_237, Drone_238, Drone_239, Drone_240, Drone_241, Drone_242, Drone_243, Drone_244, Drone_245, Drone_246, Drone_247, Drone_248, Drone_249, Drone_250, Drone_251, Drone_252, Drone_253, Drone_254, Drone_255, Drone_256, Drone_257, Drone_258, Drone_259, Drone_260, Drone_261, Drone_262, Drone_263, Drone_264, Drone_265, Drone_266, Drone_267, Drone_268, Drone_269, Drone_270, Drone_271, Drone_272, Drone_273, Drone_274, Drone_275, Drone_276, Drone_277, Drone_278, Drone_279, Drone_280, Drone_281, Drone_282, Drone_283, Drone_284, Drone_285, Drone_286, Drone_287, Drone_288, Drone_289, Drone_290, Drone_291, Drone_292, Drone_293, Drone_294, Drone_295, Drone_296, Drone_297, Drone_298, Drone_299, Drone_300, Drone_301, Drone_302, Drone_303, Drone_304, Drone_305, Drone_306, Drone_307, Drone_308, Drone_309, Drone_310, Drone_311, Drone_312, Drone_313, Drone_314, Drone_315, Drone_316, Drone_317, Drone_318, Drone_319, Drone_320, Drone_321, Drone_322, Drone_323, Drone_324, Drone_325, Drone_326, Drone_327, Drone_328, Drone_329, Drone_330, Drone_331, Drone_332, Drone_333, Drone_334, Drone_335, Drone_336, Drone_337, Drone_338, Drone_339, Drone_340, Drone_341, Drone_342, Drone_343, Drone_344, Drone_345, Drone_346, Drone_347, Drone_348, Drone_349, Drone_350, Drone_351, Drone_352, Drone_353, Drone_354, Drone_355, Drone_356, Drone_357, Drone_358, Drone_359, Drone_360, Drone_361, Drone_362, Drone_363, Drone_364, Drone_365, Drone_366, Drone_367, Drone_368, Drone_369, Drone_370, Drone_371, Drone_372, Drone_373, Drone_374, Drone_375, Drone_376, Drone_377, Drone_378, Drone_379, Drone_380, Drone_381, Drone_382, Drone_383, Drone_384, Drone_385, Drone_386, Drone_387, Drone_388, Drone_389, Drone_390, Drone_391, Drone_392, Drone_393, Drone_394, Drone_395, Drone_396, Drone_397, Drone_398, Drone_399, Drone_400, Drone_401, Drone_402, Drone_403, Drone_404, Drone_405, Drone_406, Drone_407, Drone_408, Drone_409, Drone_410, Drone_411, Drone_412, Drone_413, Drone_414, Drone_415, Drone_416, Drone_417, Drone_418, Drone_419, Drone_420, Drone_421, Drone_422, Drone_423, Drone_424, Drone_425, Drone_426, Drone_427, Drone_428, Drone_429, Drone_430, Drone_431, Drone_432, Drone_433, Drone_434, Drone_435, Drone_436, Drone_437
BadRequestError('Error code: 400 - {\'error\': {\'message\': "This model\'s maximum context length is 128000 tokens. However, your messages resulted in 933737 tokens. Please reduce the length of the messages.", \'type\': \'invalid_request_error\', \'param\': \'messages\', \'code\': \'context_length_exceeded\'}}')
Unknown component: Droide_8
Unknown component: Droide_9
Unknown component: Droide_10
Unknown component: Droide_12
Unknown component: Droide_13
Unknown component: Droide_15
Unknown component: Droide_16
Unknown component: Droide_17
Unknown component: Droide_18
Unknown component: Droide_19
Unknown component: Droide_20
Unknown component: Droide_22
Unknown component: Droide_23
Unknown component: Droide_24
Unknown component: Droide_25
Unknown component: Droide_26
Unknown component: Droide_27
Unknown component: Droide_28
Unknown component: Droide_29
Unknown component: Droide_30
Unknown component: Droide_31
Unknown component: Droide_32
Unknown component: Droide_33
Unknown component: Droide_34
Unknown component: Droide_35
Unknown component: Droide_36
Unknown component: Droide_37
Unknown component: Droide_38
Unknown component: Droide_39
Unknown component: Droide_40
Unknown component: Droide_41
Unknown component: Droide_42
Unknown component: Droide_43
Unknown component: Droide_44
Unknown component: Droide_45
Unknown component: Droide_46
Unknown component: Droide_47
Unknown component: Droide_48
Unknown component: Droide_49
Unknown component: Droide_50
Unknown component: Droide_51
Unknown component: Droide_52
Unknown component: Droide_53
Unknown component: Droide_54
Unknown component: Droide_56
Unknown component: Droide_57
Unknown component: Droide_58
Unknown component: Droide_59
Unknown component: Droide_60
Unknown component: Droide_61
Unknown component: Droide_62
Unknown component: Droide_63
Unknown component: Droide_64
Unknown component: Droide_65
Unknown component: Droide_66
Unknown component: Droide_67
Unknown component: Droide_68
Unknown component: Droide_69
Unknown component: Droide_70
Unknown component: Droide_71
Unknown component: Droide_72
Unknown component: Droide_74
Unknown component: Droide_75
Unknown component: Droide_76
Unknown component: Droide_77
Unknown component: Droide_78
Unknown component: Droide_79
Unknown component: Droide_80
Unknown component: Droide_81
Unknown component: Droide_82
Unknown component: Droide_83
Unknown component: Droide_84
Unknown component: Droide_85
Unknown component: Droide_86
Unknown component: Droide_87
Unknown component: Droide_88
Unknown component: Droide_89
Unknown component: Droide_90
Unknown component: Droide_91
Unknown component: Droide_92
Unknown component: Droide_93
Unknown component: Droide_94
Unknown component: Droide_95
Unknown component: Droide_96
Unknown component: Droide_97
Unknown component: Droide_98
Unknown component: Droide_99
Unknown component: Droide_100
Unknown component: Droide_101
Unknown component: Droide_102
Unknown component: Droide_103
Unknown component: Droide_104
Unknown component: Droide_105
Unknown component: Droide_106
Unknown component: Droide_107
Unknown component: Droide_108
Unknown component: Droide_109
Unknown component: Droide_110
Unknown component: Droide_111
Unknown component: Droide_112
Unknown component: Droide_113
Unknown component: Droide_114
Unknown component: Droide_115
Unknown component: Droide_116
Unknown component: Droide_117
Unknown component: Droide_118
Unknown component: Droide_119
Unknown component: Droide_120
Unknown component: Droide_121
Unknown component: Droide_122
Unknown component: Droide_123
Unknown component: Droide_124
Unknown component: Droide_125
Unknown component: Droide_126
Unknown component: Droide_127
Unknown component: Droide_128
Unknown component: Droide_129
Unknown component: Droide_130
Unknown component: Droide_131
Unknown component: Droide_132
Unknown component: Droide_133
Unknown component: Droide_134
Unknown component: Droide_135
Unknown component: Droide_136
Unknown component: Droide_137
Unknown component: Droide_138
Unknown component: Droide_139
Unknown component: Droide_140
Unknown component: Droide_141
Unknown component: Droide_142
Unknown component: Droide_143
Unknown component: Droide_144
Unknown component: Droide_145
Unknown component: Droide_146
Unknown component: Droide_147
Unknown component: Droide_148
Unknown component: Droide_149
Unknown component: Droide_150
Unknown component: Droide_151
Unknown component: Droide_152
Unknown component: Droide_153
Unknown component: Droide_154
Unknown component: Droide_155
Unknown component: Droide_157
Unknown component: Droide_158
Unknown component: Droide_159
Unknown component: Droide_160
Unknown component: Droide_161
Unknown component: Droide_162
Unknown component: Droide_163
Unknown component: Droide_164
Unknown component: Droide_165
Unknown component: Droide_166
Unknown component: Droide_167
Unknown component: Droide_168
Unknown component: Droide_169
Unknown component: Droide_170
Unknown component: Droide_171
Unknown component: Droide_172
Unknown component: Droide_173
Unknown component: Droide_174
Unknown component: Droide_175
Unknown component: Droide_176
Unknown component: Droide_177
Unknown component: Droide_178
Unknown component: Droide_179
Unknown component: Droide_180
Unknown component: Droide_181
Unknown component: Droide_182
Unknown component: Droide_183
Unknown component: Droide_184
Unknown component: Droide_185
Unknown component: Droide_186
Unknown component: Droide_187
Unknown component: Droide_189
Unknown component: Droide_190
Unknown component: Droide_191
Unknown component: Droide_192
Unknown component: Droide_194
Unknown component: Droide_195
Unknown component: Droide_196
Unknown component: Droide_197
Unknown component: Droide_198
Unknown component: Droide_199
Unknown component: Droide_200
Unknown component: Droide_201
Unknown component: Droide_202
Unknown component: Droide_203
Unknown component: Droide_204
Unknown component: Droide_205
Unknown component: Droide_206
Unknown component: Droide_207
Unknown component: Droide_208
Unknown component: Droide_209
Unknown component: Droide_210
Unknown component: Droide_211
Unknown component: Droide_212
Unknown component: Droide_213
Unknown component: Droide_214
Unknown component: Droide_215
Unknown component: Droide_216
Unknown component: Droide_217
Unknown component: Droide_218
Unknown component: Droide_219
Unknown component: Droide_220
Unknown component: Droide_221
Unknown component: Droide_222
Unknown component: Droide_223
Unknown component: Droide_224
Unknown component: Droide_225
Unknown component: Droide_226
Unknown component: Droide_227
Unknown component: Droide_228
Unknown component: Droide_229
Unknown component: Droide_230
Unknown component: Droide_231
Unknown component: Droide_232
Unknown component: Droide_233
Unknown component: Droide_234
Unknown component: Droide_235
Unknown component: Droide_236
Unknown component: Droide_237
Unknown component: Droide_238
Unknown component: Droide_239
Unknown component: Droide_240
Unknown component: Droide_241
Unknown component: Droide_242
Unknown component: Droide_243
Unknown component: Droide_244
Unknown component: Droide_245
Unknown component: Droide_246
Unknown component: Droide_247
Unknown component: Droide_248
Unknown component: Droide_249
Unknown component: Droide_250
Unknown component: Droide_251
Unknown component: Droide_252
Unknown component: Droide_253
Unknown component: Droide_254
Unknown component: Droide_255
Unknown component: Droide_256
Unknown component: Droide_257
Unknown component: Droide_258
Unknown component: Droide_259
Unknown component: Droide_260
Unknown component: Droide_261
Unknown component: Droide_262
Unknown component: Droide_263
Unknown component: Droide_264
Unknown component: Droide_265
Unknown component: Droide_266
Unknown component: Droide_267
Unknown component: Droide_268
Unknown component: Droide_269
Unknown component: Droide_270
Unknown component: Droide_271
Unknown component: Droide_272
Unknown component: Droide_273
Unknown component: Droide_274
Unknown component: Droide_275
Unknown component: Droide_276
Unknown component: Droide_277
Unknown component: Droide_279
Unknown component: Droide_280
Unknown component: Droide_281
Unknown component: Droide_282
Unknown component: Droide_283
Unknown component: Droide_284
Unknown component: Droide_285
Unknown component: Droide_286
Unknown component: Droide_287
Unknown component: Droide_288
Unknown component: Droide_289
Unknown component: Droide_290
Unknown component: Droide_291
Unknown component: Droide_292
Unknown component: Droide_293
Unknown component: Droide_294
Unknown component: Droide_295
Unknown component: Droide_296
Unknown component: Droide_297
Unknown component: Droide_298
Unknown component: Droide_299
Unknown component: Droide_300
Unknown component: Droide_301
Unknown component: Droide_302
Unknown component: Droide_303
Unknown component: Droide_304
Unknown component: Droide_305
Unknown component: Droide_306
Unknown component: Droide_307
Unknown component: Droide_308
Unknown component: Droide_309
Unknown component: Droide_310
Unknown component: Droide_311
Unknown component: Droide_312
Unknown component: Droide_313
Unknown component: Droide_314
Unknown component: Droide_315
Unknown component: Droide_316
Unknown component: Droide_317
Unknown component: Droide_318
Unknown component: Droide_319
Unknown component: Droide_320
Unknown component: Droide_321
Unknown component: Droide_322
Unknown component: Droide_323
Unknown component: Droide_324
Unknown component: Droide_325
Unknown component: Droide_326
Unknown component: Droide_327
Unknown component: Droide_328
Unknown component: Droide_329
Unknown component: Droide_330
Unknown component: Droide_331
Unknown component: Droide_332
Unknown component: Droide_333
Unknown component: Droide_334
Unknown component: Droide_335
Unknown component: Droide_336
Unknown component: Droide_337
Unknown component: Droide_338
Unknown component: Droide_339
Unknown component: Droide_340
Unknown component: Droide_341
Unknown component: Droide_342
Unknown component: Droide_343
Unknown component: Droide_344
Unknown component: Droide_345
Unknown component: Droide_346
Unknown component: Droide_347
Unknown component: Droide_348
Unknown component: Droide_349
Unknown component: Droide_350
Unknown component: Droide_351
Unknown component: Droide_352
Unknown component: Droide_353
Unknown component: Droide_354
Unknown component: Droide_355
Unknown component: Droide_356
Unknown component: Droide_357
Unknown component: Droide_358
Unknown component: Droide_359
Unknown component: Droide_360
Unknown component: Droide_361
Unknown component: Droide_362
Unknown component: Droide_363
Unknown component: Droide_364
Unknown component: Droide_365
Unknown component: Droide_366
Unknown component: Droide_367
Unknown component: Droide_368
Unknown component: Droide_369
Unknown component: Droide_370
Unknown component: Droide_371
Unknown component: Droide_372
Unknown component: Droide_373
Unknown component: Droide_374
Unknown component: Droide_375
Unknown component: Droide_376
Unknown component: Droide_377
Unknown component: Droide_378
Unknown component: Droide_379
Unknown component: Droide_380
Unknown component: Droide_381
Unknown component: Droide_382
Unknown component: Droide_383
Unknown component: Droide_384
Unknown component: Droide_385
Unknown component: Droide_386
Unknown component: Droide_387
Unknown component: Droide_388
Unknown component: Droide_389
Unknown component: Droide_390
Unknown component: Droide_391
Unknown component: Droide_392
Unknown component: Droide_393
Unknown component: Droide_394
Unknown component: Droide_395
Unknown component: Droide_396
Unknown component: Droide_397
Unknown component: Droide_398
Unknown component: Droide_399
Unknown component: Droide_400
Unknown component: Droide_401
Unknown component: Droide_402
Unknown component: Droide_403
Unknown component: Droide_404
Unknown component: Droide_405
Unknown component: Droide_406
Unknown component: Droide_407
Unknown component: Droide_408
Unknown component: Droide_409
Unknown component: Droide_410
Unknown component: Droide_411
Unknown component: Droide_412
Unknown component: Droide_413
Unknown component: Droide_414
Unknown component: Droide_415
Unknown component: Droide_416
Unknown component: Droide_417
Unknown component: Droide_418
Unknown component: Droide_419
Unknown component: Droide_420
Unknown component: Droide_421
Unknown component: Droide_422
Unknown component: Droide_423
Unknown component: Droide_424
Unknown component: Droide_425
Unknown component: Droide_426
Unknown component: Droide_427
Unknown component: Droide_428
Unknown component: Droide_429
Unknown component: Droide_430
Unknown component: Droide_431
Unknown component: Droide_432
Unknown component: Droide_433
Unknown component: Droide_434
Unknown component: Droide_435
Unknown component: Droide_436
Unknown component: Droide_437
Unknown component: Droide_438
Unknown component: Droide_2
Unknown component: Droide_3
Unknown component: Droide_6
Unknown component: Droide_11
Unknown component: Droide_14
Unknown component: Droide_5
Unknown component: Droide_21
Unknown component: Droide_32
Unknown component: Droide_36
Unknown component: Droide_30
Unknown component: Droide_43
Unknown component: Droide_44
Unknown component: Droide_49
Unknown component: Droide_50	Droide_34
Unknown component: Droide_53
Unknown component: Droide_66
Unknown component: Droide_89
Unknown component: Droide_97
The following components have not been assigned to a group: Drone_2, Drone_3, Drone_5, Drone_6, Drone_8, Drone_9, Drone_10, Drone_11, Drone_12, Drone_13, Drone_14, Drone_15, Drone_16, Drone_17, Drone_18, Drone_19, Drone_20, Drone_21, Drone_22, Drone_23, Drone_24, Drone_25, Drone_26, Drone_27, Drone_28, Drone_29, Drone_30, Drone_31, Drone_32, Drone_33, Drone_34, Drone_35, Drone_36, Drone_37, Drone_38, Drone_39, Drone_40, Drone_41, Drone_42, Drone_43, Drone_44, Drone_45, Drone_46, Drone_47, Drone_48, Drone_49, Drone_50, Drone_51, Drone_52, Drone_53, Drone_54, Drone_55, Drone_56, Drone_57, Drone_58, Drone_59, Drone_60, Drone_61, Drone_62, Drone_63, Drone_64, Drone_65, Drone_66, Drone_67, Drone_68, Drone_69, Drone_70, Drone_71, Drone_72, Drone_74, Drone_75, Drone_76, Drone_77, Drone_78, Drone_79, Drone_80, Drone_81, Drone_82, Drone_83, Drone_84, Drone_85, Drone_86, Drone_87, Drone_88, Drone_89, Drone_90, Drone_91, Drone_92, Drone_93, Drone_94, Drone_95, Drone_96, Drone_97, Drone_98, Drone_99, Drone_100, Drone_101, Drone_102, Drone_103, Drone_104, Drone_105, Drone_106, Drone_107, Drone_108, Drone_109, Drone_110, Drone_111, Drone_112, Drone_113, Drone_114, Drone_115, Drone_116, Drone_117, Drone_118, Drone_119, Drone_120, Drone_121, Drone_122, Drone_123, Drone_124, Drone_125, Drone_126, Drone_127, Drone_128, Drone_129, Drone_130, Drone_131, Drone_132, Drone_133, Drone_134, Drone_135, Drone_136, Drone_137, Drone_138, Drone_139, Drone_140, Drone_141, Drone_142, Drone_143, Drone_144, Drone_145, Drone_146, Drone_147, Drone_148, Drone_149, Drone_150, Drone_151, Drone_152, Drone_153, Drone_154, Drone_155, Drone_156, Drone_157, Drone_158, Drone_159, Drone_160, Drone_161, Drone_162, Drone_163, Drone_164, Drone_165, Drone_166, Drone_167, Drone_168, Drone_169, Drone_170, Drone_171, Drone_172, Drone_173, Drone_174, Drone_175, Drone_176, Drone_177, Drone_178, Drone_179, Drone_180, Drone_181, Drone_182, Drone_183, Drone_184, Drone_185, Drone_186, Drone_187, Drone_188, Drone_189, Drone_190, Drone_191, Drone_192, Drone_193, Drone_194, Drone_195, Drone_196, Drone_197, Drone_198, Drone_199, Drone_200, Drone_201, Drone_202, Drone_203, Drone_204, Drone_205, Drone_206, Drone_207, Drone_208, Drone_209, Drone_210, Drone_211, Drone_212, Drone_213, Drone_214, Drone_215, Drone_216, Drone_217, Drone_218, Drone_219, Drone_220, Drone_221, Drone_222, Drone_223, Drone_224, Drone_225, Drone_226, Drone_227, Drone_228, Drone_229, Drone_230, Drone_231, Drone_232, Drone_233, Drone_234, Drone_235, Drone_236, Drone_237, Drone_238, Drone_239, Drone_240, Drone_241, Drone_242, Drone_243, Drone_244, Drone_245, Drone_246, Drone_247, Drone_248, Drone_249, Drone_250, Drone_251, Drone_252, Drone_253, Drone_254, Drone_255, Drone_256, Drone_257, Drone_258, Drone_259, Drone_260, Drone_261, Drone_262, Drone_263, Drone_264, Drone_265, Drone_266, Drone_267, Drone_268, Drone_269, Drone_270, Drone_271, Drone_272, Drone_273, Drone_274, Drone_275, Drone_276, Drone_277, Drone_278, Drone_279, Drone_280, Drone_281, Drone_282, Drone_283, Drone_284, Drone_285, Drone_286, Drone_287, Drone_288, Drone_289, Drone_290, Drone_291, Drone_292, Drone_293, Drone_294, Drone_295, Drone_296, Drone_297, Drone_298, Drone_299, Drone_300, Drone_301, Drone_302, Drone_303, Drone_304, Drone_305, Drone_306, Drone_307, Drone_308, Drone_309, Drone_310, Drone_311, Drone_312, Drone_313, Drone_314, Drone_315, Drone_316, Drone_317, Drone_318, Drone_319, Drone_320, Drone_321, Drone_322, Drone_323, Drone_324, Drone_325, Drone_326, Drone_327, Drone_328, Drone_329, Drone_330, Drone_331, Drone_332, Drone_333, Drone_334, Drone_335, Drone_336, Drone_337, Drone_338, Drone_339, Drone_340, Drone_341, Drone_342, Drone_343, Drone_344, Drone_345, Drone_346, Drone_347, Drone_348, Drone_349, Drone_350, Drone_351, Drone_352, Drone_353, Drone_354, Drone_355, Drone_356, Drone_357, Drone_358, Drone_359, Drone_360, Drone_361, Drone_362, Drone_363, Drone_364, Drone_365, Drone_366, Drone_367, Drone_368, Drone_369, Drone_370, Drone_371, Drone_372, Drone_373, Drone_374, Drone_375, Drone_376, Drone_377, Drone_378, Drone_379, Drone_380, Drone_381, Drone_382, Drone_383, Drone_384, Drone_385, Drone_386, Drone_387, Drone_388, Drone_389, Drone_390, Drone_391, Drone_392, Drone_393, Drone_394, Drone_395, Drone_396, Drone_397, Drone_398, Drone_399, Drone_400, Drone_401, Drone_402, Drone_403, Drone_404, Drone_405, Drone_406, Drone_407, Drone_408, Drone_409, Drone_410, Drone_411, Drone_412, Drone_413, Drone_414, Drone_415, Drone_416, Drone_417, Drone_418, Drone_419, Drone_420, Drone_421, Drone_422, Drone_423, Drone_424, Drone_425, Drone_426, Drone_427, Drone_428, Drone_429, Drone_430, Drone_431, Drone_432, Drone_433, Drone_434, Drone_435, Drone_436, Drone_437
The following groups are missing in the assignment: protecting Field_110, protecting Field_168, protecting Field_14, protecting Field_143, protecting Field_162, protecting Field_171, protecting Field_184, protecting Field_41, protecting Field_205, protecting Field_113, protecting Field_115, protecting Field_39, protecting Field_105, protecting Field_38, protecting Field_72, protecting Field_32, protecting Field_186, protecting Field_66, protecting Field_60, protecting Field_191, protecting Field_46, protecting Field_121, protecting Field_192, protecting Field_200, protecting Field_161, protecting Field_36, protecting Field_78, protecting Field_220, protecting Field_80, protecting Field_56, protecting Field_148, protecting Field_101, protecting Field_173, protecting Field_203, protecting Field_23, protecting Field_82, protecting Field_8, protecting Field_69, protecting Field_224, protecting Field_83, protecting Field_3, protecting Field_135, protecting Field_138, protecting Field_73, protecting Field_27, protecting Field_152, protecting Field_86, protecting Field_50, protecting Field_114, protecting Field_112, protecting Field_118, protecting Field_131, protecting Field_208, protecting Field_68, protecting Field_29, protecting Field_6, protecting Field_35, protecting Field_132, protecting Field_225, protecting Field_185, protecting Field_190, protecting Field_49, protecting Field_98, protecting Field_165, protecting Field_76, protecting Field_207, protecting Field_62, protecting Field_199, protecting Field_22, protecting Field_26, protecting Field_170, protecting Field_104, protecting Field_96, protecting Field_92, protecting Field_77, protecting Field_85, protecting Field_63, protecting Field_30, protecting Field_210, protecting Field_97, protecting Field_223, protecting Field_21, protecting Field_146, protecting Field_127, protecting Field_228, protecting Field_119, protecting Field_52, protecting Field_149, protecting Field_141, protecting Field_100, protecting Field_17, protecting Field_94, protecting Field_19, protecting Field_24, protecting Field_42, protecting Field_116, protecting Field_219, protecting Field_129, protecting Field_81, protecting Field_108, protecting Field_28, protecting Field_44, protecting Field_65, protecting Field_55, protecting Field_20, protecting Field_218, protecting Field_103, protecting Field_12, protecting Field_150, protecting Field_201, protecting Field_33, protecting Field_89, protecting Field_226, protecting Field_91, protecting Field_157, protecting Field_70, protecting Field_206, protecting Field_47, protecting Field_202, protecting Field_51, protecting Field_64, protecting Field_106, protecting Field_213, protecting Field_177, protecting Field_183, protecting Field_134, protecting Field_71, protecting Field_120, protecting Field_16, protecting Field_216, protecting Field_67, protecting Field_181, protecting Field_128, protecting Field_10, protecting Field_187, protecting Field_74, protecting Field_7, protecting Field_126, protecting Field_182, protecting Field_2, protecting Field_111, protecting Field_159, protecting Field_144, protecting Field_5, protecting Field_151, protecting Field_137, protecting Field_166, protecting Field_155, protecting Field_227, protecting Field_160, protecting Field_37, protecting Field_93, protecting Field_4, protecting Field_221, protecting Field_84, protecting Field_176, protecting Field_61, protecting Field_25, protecting Field_90, protecting Field_156, protecting Field_53, protecting Field_34, protecting Field_9, protecting Field_147, protecting Field_164, protecting Field_214, protecting Field_215, protecting Field_95, protecting Field_124, protecting Field_140, protecting Field_154, protecting Field_175, protecting Field_179, protecting Field_158, protecting Field_167, protecting Field_15, protecting Field_169, protecting Field_18, protecting Field_195, protecting Field_212, protecting Field_54, protecting Field_59, protecting Field_180, protecting Field_1, protecting Field_87, protecting Field_194, protecting Field_130, protecting Field_48, protecting Field_122, protecting Field_142, protecting Field_217, protecting Field_109, protecting Field_43, protecting Field_107
BadRequestError('Error code: 400 - {\'error\': {\'message\': "This model\'s maximum context length is 128000 tokens. However, your messages resulted in 788903 tokens. Please reduce the length of the messages.", \'type\': \'invalid_request_error\', \'param\': \'messages\', \'code\': \'context_length_exceeded\'}}')
Unknown component: Dron_8
Unknown component: Dron_9
Unknown component: Dron_10
Unknown component: Dron_12
Unknown component: Dron_13
Unknown component: Dron_15
Unknown component: Dron_16
Unknown component: Dron_17
Unknown component: Dron_18
Unknown component: Dron_19
Unknown component: Dron_20
Unknown component: Dron_22
Unknown component: Dron_23
Unknown component: Dron_24
Unknown component: Dron_25
Unknown component: Dron_26
Unknown component: Dron_27
Unknown component: Dron_28
Unknown component: Dron_29
Unknown component: Dron_30
Unknown component: Dron_31
Unknown component: Dron_34
Unknown component: Dron_35
Unknown component: Dron_36
Unknown component: Dron_37
Unknown component: Dron_38
Unknown component: Dron_40
Unknown component: Dron_41
Unknown component: Dron_42
Unknown component: Dron_46
Unknown component: Dron_47
Unknown component: Dron_48
Unknown component: Dron_49
Unknown component: Dron_50
Unknown component: Dron_51
Unknown component: Dron_52
Unknown component: Dron_53
Unknown component: Dron_54
Unknown component: Dron_55
Unknown component: Dron_56
Unknown component: Dron_57
Unknown component: Dron_58
Unknown component: Dron_59
Unknown component: Dron_60
Unknown component: Dron_61
Unknown component: Dron_62
Unknown component: Dron_63
Unknown component: Dron_64
Unknown component: Dron_65
Unknown component: Dron_68
Unknown component: Dron_69
Unknown component: Dron_70
Unknown component: Dron_71
Unknown component: Dron_72
Unknown component: Dron_73
Unknown component: Dron_74
Unknown component: Dron_75
Unknown component: Dron_76
Unknown component: Dron_77
Unknown component: Dron_78
Unknown component: Dron_79
Unknown component: Dron_80
Unknown component: Dron_81
Unknown component: Dron_82
Unknown component: Dron_83
Unknown component: Dron_84
Unknown component: Dron_85
Unknown component: Dron_86
Unknown component: Dron_87
Unknown component: Dron_88
Unknown component: Dron_89
Unknown component: Dron_90
Unknown component: Dron_91
Unknown component: Dron_92
Unknown component: Dron_93
Unknown component: Dron_94
Unknown component: Dron_95
Unknown component: Dron_96
Unknown component: Dron_97
Unknown component: Dron_98
Unknown component: Dron_99
Unknown component: Dron_100
Unknown component: Dron_101
Unknown component: Dron_102
Unknown component: Dron_103
Unknown component: Dron_104
Unknown component: Dron_105
Unknown component: Dron_106
Unknown component: Dron_107
Unknown component: Dron_108
Unknown component: Dron_109
Unknown component: Dron_110
Unknown component: Dron_111
Unknown component: Dron_112
Unknown component: Dron_113
Unknown component: Dron_114
Unknown component: Dron_115
Unknown component: Dron_116
Unknown component: Dron_117
Unknown component: Dron_118
Unknown component: Dron_119
Unknown component: Dron_120
Unknown component: Dron_121
Unknown component: Dron_122
Unknown component: Dron_123
Unknown component: Dron_124
Unknown component: Dron_125
Unknown component: Dron_126
Unknown component: Dron_127
Unknown component: Dron_128
Unknown component: Dron_129
Unknown component: Dron_130
Unknown component: Dron_131
Unknown component: Dron_132
Unknown component: Dron_133
Unknown component: Dron_134
Unknown component: Dron_135
Unknown component: Dron_136
Unknown component: Dron_137
Unknown component: Dron_138
Unknown component: Dron_139
Unknown component: Dron_140
Unknown component: Dron_141
Unknown component: Dron_142
Unknown component: Dron_143
Unknown component: Dron_144
Unknown component: Dron_145
Unknown component: Dron_146
Unknown component: Dron_147
Unknown component: Dron_148
Unknown component: Dron_149
Unknown component: Dron_150
Unknown component: Dron_151
Unknown component: Dron_152
Unknown component: Dron_153
Unknown component: Dron_154
Unknown component: Dron_155
Unknown component: Dron_156
Unknown component: Dron_157
Unknown component: Dron_158
Unknown component: Dron_159
Unknown component: Dron_160
Unknown component: Dron_161
Unknown component: Dron_162
Unknown component: Dron_163
Unknown component: Dron_164
Unknown component: Dron_165
Unknown component: Dron_166
Unknown component: Dron_167
Unknown component: Dron_168
Unknown component: Dron_169
Unknown component: Dron_170
Unknown component: Dron_171
Unknown component: Dron_172
Unknown component: Dron_173
Unknown component: Dron_174
Unknown component: Dron_175
Unknown component: Dron_176
Unknown component: Dron_177
Unknown component: Dron_178
Unknown component: Dron_179
Unknown component: Dron_180
Unknown component: Dron_181
Unknown component: Dron_182
Unknown component: Dron_183
Unknown component: Dron_184
Unknown component: Dron_185
Unknown component: Dron_186
Unknown component: Dron_187
Unknown component: Dron_188
Unknown component: Dron_189
Unknown component: Dron_190
Unknown component: Dron_191
Unknown component: Dron_192
Unknown component: Dron_193
Unknown component: Dron_194
Unknown component: Dron_195
Unknown component: Dron_196
Unknown component: Dron_197
Unknown component: Dron_198
Unknown component: Dron_199
Unknown component: Dron_200
Unknown component: Dron_201
Unknown component: Dron_202
Unknown component: Dron_203
Unknown component: Dron_204
Unknown component: Dron_205
Unknown component: Dron_206
Unknown component: Dron_207
Unknown component: Dron_208
Unknown component: Dron_209
Unknown component: Dron_210
Unknown component: Dron_211
Unknown component: Dron_212
Unknown component: Dron_213
Unknown component: Dron_214
Unknown component: Dron_215
Unknown component: Dron_216
Unknown component: Dron_217
Unknown component: Dron_218
Unknown component: Dron_219
Unknown component: Dron_220
Unknown component: Dron_221
Unknown component: Dron_222
Unknown component: Dron_223
Unknown component: Dron_224
Unknown component: Dron_225
Unknown component: Dron_226
Unknown component: Dron_227
Unknown component: Dron_228
Unknown component: Dron_229
Unknown component: Dron_230
Unknown component: Dron_231
Unknown component: Dron_232
Unknown component: Dron_233
Unknown component: Dron_234
Unknown component: Dron_235
Unknown component: Dron_236
Unknown component: Dron_237
Unknown component: Dron_238
Unknown component: Dron_239
Unknown component: Dron_240
Unknown component: Dron_241
Unknown component: Dron_242
Unknown component: Dron_243
Unknown component: Dron_244
Unknown component: Dron_245
Unknown component: Dron_246
Unknown component: Dron_247
Unknown component: Dron_248
Unknown component: Dron_249
Unknown component: Dron_250
Unknown component: Dron_251
Unknown component: Dron_252
Unknown component: Dron_253
Unknown component: Dron_254
Unknown component: Dron_255
Unknown component: Dron_256
Unknown component: Dron_257
Unknown component: Dron_258
Unknown component: Dron_259
Unknown component: Dron_260
Unknown component: Dron_261
Unknown component: Dron_262
Unknown component: Dron_263
Unknown component: Dron_264
Unknown component: Dron_265
Unknown component: Dron_266
Unknown component: Dron_267
Unknown component: Dron_268
Unknown component: Dron_269
Unknown component: Dron_270
Unknown component: Dron_271
Unknown component: Dron_272
Unknown component: Dron_273
Unknown component: Dron_274
Unknown component: Dron_275
Unknown component: Dron_276
Unknown component: Dron_277
Unknown component: Dron_278
Unknown component: Dron_279
Unknown component: Dron_280
Unknown component: Dron_281
Unknown component: Dron_282
Unknown component: Dron_283
Unknown component: Dron_284
Unknown component: Dron_285
Unknown component: Dron_286
Unknown component: Dron_287
Unknown component: Dron_288
Unknown component: Dron_289
Unknown component: Dron_290
Unknown component: Dron_291
Unknown component: Dron_292
Unknown component: Dron_293
Unknown component: Dron_294
Unknown component: Dron_295
Unknown component: Dron_296
Unknown component: Dron_297
Unknown component: Dron_298
Unknown component: Dron_299
Unknown component: Dron_300
Unknown component: Dron_301
Unknown component: Dron_302
Unknown component: Dron_303
Unknown component: Dron_304
Unknown component: Dron_305
Unknown component: Dron_306
Unknown component: Dron_307
Unknown component: Dron_308
Unknown component: Dron_309
Unknown component: Dron_310
Unknown component: Dron_311
Unknown component: Dron_312
Unknown component: Dron_313
Unknown component: Dron_314
Unknown component: Dron_315
Unknown component: Dron_316
Unknown component: Dron_317
Unknown component: Dron_318
Unknown component: Dron_319
Unknown component: Dron_320
Unknown component: Dron_321
Unknown component: Dron_322
Unknown component: Dron_323
Unknown component: Dron_324
Unknown component: Dron_325
Unknown component: Dron_326
Unknown component: Dron_327
Unknown component: Dron_328
Unknown component: Dron_329
Unknown component: Dron_330
Unknown component: Dron_331
Unknown component: Dron_332
Unknown component: Dron_333
Unknown component: Dron_334
Unknown component: Dron_335
Unknown component: Dron_336
Unknown component: Dron_337
Unknown component: Dron_338
Unknown component: Dron_339
Unknown component: Dron_340
Unknown component: Dron_341
Unknown component: Dron_342
Unknown component: Dron_343
Unknown component: Dron_344
Unknown component: Dron_345
Unknown component: Dron_346
Unknown component: Dron_347
Unknown component: Dron_348
Unknown component: Dron_349
Unknown component: Dron_350
Unknown component: Dron_351
Unknown component: Dron_352
Unknown component: Dron_353
Unknown component: Dron_354
Unknown component: Dron_355
Unknown component: Dron_356
Unknown component: Dron_357
Unknown component: Dron_358
Unknown component: Dron_359
Unknown component: Dron_360
Unknown component: Dron_361
Unknown component: Dron_362
Unknown component: Dron_363
Unknown component: Dron_364
Unknown component: Dron_365
Unknown component: Dron_366
Unknown component: Dron_367
Unknown component: Dron_368
Unknown component: Dron_369
Unknown component: Dron_370
Unknown component: Dron_371
Unknown component: Dron_372
Unknown component: Dron_373
Unknown component: Dron_374
Unknown component: Dron_375
Unknown component: Dron_376
Unknown component: Dron_377
Unknown component: Dron_378
Unknown component: Dron_379
Unknown component: Dron_380
Unknown component: Dron_381
Unknown component: Dron_382
Unknown component: Dron_383
Unknown component: Dron_384
Unknown component: Dron_385
Unknown component: Dron_386
Unknown component: Dron_387
Unknown component: Dron_388
Unknown component: Dron_389
Unknown component: Dron_390
Unknown component: Dron_391
Unknown component: Dron_392
Unknown component: Dron_393
Unknown component: Dron_394
Unknown component: Dron_395
Unknown component: Dron_396
Unknown component: Dron_397
Unknown component: Dron_398
Unknown component: Dron_399
Unknown component: Dron_400
Unknown component: Dron_401
Unknown component: Dron_402
Unknown component: Dron_403
Unknown component: Dron_404
Unknown component: Dron_405
Unknown component: Dron_406
Unknown component: Dron_407
Unknown component: Dron_408
Unknown component: Dron_409
Unknown component: Dron_410
Unknown component: Dron_411
Unknown component: Dron_412
Unknown component: Dron_413
Unknown component: Dron_414
Unknown component: Dron_415
Unknown component: Dron_416
Unknown component: Dron_417
Unknown component: Dron_418
Unknown component: Dron_419
Unknown component: Dron_420
Unknown component: Dron_421
Unknown component: Dron_422
Unknown component: Dron_423
Unknown component: Dron_424
Unknown component: Dron_425
Unknown component: Dron_426
Unknown component: Dron_427
Unknown component: Dron_428
Unknown component: Dron_429
Unknown component: Dron_430
Unknown component: Dron_431
Unknown component: Dron_432
Unknown component: Dron_433
Unknown component: Dron_434
Unknown component: Dron_435
Unknown component: Dron_436
Unknown component: Dron_437
Unknown component: Dron_438
Unknown component: Dron_439
Unknown component: Dron_440
Unknown component: Dron_441
Unknown component: Dron_442
Unknown component: Dron_443
Unknown component: Dron_444
Unknown component: Dron_445
Unknown component: Dron_446
Unknown component: Dron_447
Unknown component: Dron_448
Unknown component: Dron_449
Unknown component: Dron_450
Unknown component: Dron_2
Unknown component: Dron_3
Unknown component: Dron_4
Unknown component: Dron_11
Unknown component: Dron_6
Unknown component: Dron_14
Unknown component: Dron_21
Unknown component: Dron_32
Unknown component: Dron_36
Unknown component: Dron_39
Unknown component: Dron_43
Unknown component: Dron_5
Unknown component: Dron_21
Unknown component: Dron_32
Unknown component: Dron_36
Unknown component: Dron_32
The following components have not been assigned to a group: Drone_2, Drone_3, Drone_6, Drone_8, Drone_9, Drone_10, Drone_11, Drone_12, Drone_13, Drone_14, Drone_15, Drone_16, Drone_17, Drone_18, Drone_19, Drone_20, Drone_21, Drone_22, Drone_23, Drone_24, Drone_25, Drone_26, Drone_27, Drone_28, Drone_29, Drone_30, Drone_31, Drone_32, Drone_33, Drone_34, Drone_35, Drone_36, Drone_37, Drone_38, Drone_39, Drone_40, Drone_41, Drone_42, Drone_43, Drone_44, Drone_45, Drone_46, Drone_47, Drone_48, Drone_49, Drone_50, Drone_51, Drone_52, Drone_53, Drone_54, Drone_55, Drone_56, Drone_57, Drone_58, Drone_59, Drone_60, Drone_61, Drone_62, Drone_63, Drone_64, Drone_65, Drone_66, Drone_67, Drone_68, Drone_69, Drone_70, Drone_71, Drone_72, Drone_73, Drone_74, Drone_75, Drone_76, Drone_77, Drone_78, Drone_79, Drone_80, Drone_81, Drone_82, Drone_83, Drone_84, Drone_85, Drone_86, Drone_87, Drone_88, Drone_89, Drone_90, Drone_91, Drone_92, Drone_93, Drone_94, Drone_95, Drone_96, Drone_97, Drone_98, Drone_99, Drone_100, Drone_101, Drone_102, Drone_103, Drone_104, Drone_105, Drone_106, Drone_107, Drone_108, Drone_109, Drone_110, Drone_111, Drone_112, Drone_113, Drone_114, Drone_115, Drone_116, Drone_117, Drone_118, Drone_119, Drone_120, Drone_121, Drone_122, Drone_123, Drone_124, Drone_125, Drone_126, Drone_127, Drone_128, Drone_129, Drone_130, Drone_131, Drone_132, Drone_133, Drone_134, Drone_135, Drone_136, Drone_137, Drone_138, Drone_139, Drone_140, Drone_141, Drone_142, Drone_143, Drone_144, Drone_145, Drone_146, Drone_147, Drone_148, Drone_149, Drone_150, Drone_151, Drone_152, Drone_153, Drone_154, Drone_155, Drone_156, Drone_157, Drone_158, Drone_159, Drone_160, Drone_161, Drone_162, Drone_163, Drone_164, Drone_165, Drone_166, Drone_167, Drone_168, Drone_169, Drone_170, Drone_171, Drone_172, Drone_173, Drone_174, Drone_175, Drone_176, Drone_177, Drone_178, Drone_179, Drone_180, Drone_181, Drone_182, Drone_183, Drone_184, Drone_185, Drone_186, Drone_187, Drone_188, Drone_189, Drone_190, Drone_191, Drone_192, Drone_193, Drone_194, Drone_195, Drone_196, Drone_197, Drone_198, Drone_199, Drone_200, Drone_201, Drone_202, Drone_203, Drone_204, Drone_205, Drone_206, Drone_207, Drone_208, Drone_209, Drone_210, Drone_211, Drone_212, Drone_213, Drone_214, Drone_215, Drone_216, Drone_217, Drone_218, Drone_219, Drone_220, Drone_221, Drone_222, Drone_223, Drone_224, Drone_225, Drone_226, Drone_227, Drone_228, Drone_229, Drone_230, Drone_231, Drone_232, Drone_233, Drone_234, Drone_235, Drone_236, Drone_237, Drone_238, Drone_239, Drone_240, Drone_241, Drone_242, Drone_243, Drone_244, Drone_245, Drone_246, Drone_247, Drone_248, Drone_249, Drone_250, Drone_251, Drone_252, Drone_253, Drone_254, Drone_255, Drone_256, Drone_257, Drone_258, Drone_259, Drone_260, Drone_261, Drone_262, Drone_263, Drone_264, Drone_265, Drone_266, Drone_267, Drone_268, Drone_269, Drone_270, Drone_271, Drone_272, Drone_273, Drone_274, Drone_275, Drone_276, Drone_277, Drone_278, Drone_279, Drone_280, Drone_281, Drone_282, Drone_283, Drone_284, Drone_285, Drone_286, Drone_287, Drone_288, Drone_289, Drone_290, Drone_291, Drone_292, Drone_293, Drone_294, Drone_295, Drone_296, Drone_297, Drone_298, Drone_299, Drone_300, Drone_301, Drone_302, Drone_303, Drone_304, Drone_305, Drone_306, Drone_307, Drone_308, Drone_309, Drone_310, Drone_311, Drone_312, Drone_313, Drone_314, Drone_315, Drone_316, Drone_317, Drone_318, Drone_319, Drone_320, Drone_321, Drone_322, Drone_323, Drone_324, Drone_325, Drone_326, Drone_327, Drone_328, Drone_329, Drone_330, Drone_331, Drone_332, Drone_333, Drone_334, Drone_335, Drone_336, Drone_337, Drone_338, Drone_339, Drone_340, Drone_341, Drone_342, Drone_343, Drone_344, Drone_345, Drone_346, Drone_347, Drone_348, Drone_349, Drone_350, Drone_351, Drone_352, Drone_353, Drone_354, Drone_355, Drone_356, Drone_357, Drone_358, Drone_359, Drone_360, Drone_361, Drone_362, Drone_363, Drone_364, Drone_365, Drone_366, Drone_367, Drone_368, Drone_369, Drone_370, Drone_371, Drone_372, Drone_373, Drone_374, Drone_375, Drone_376, Drone_377, Drone_378, Drone_379, Drone_380, Drone_381, Drone_382, Drone_383, Drone_384, Drone_385, Drone_386, Drone_387, Drone_388, Drone_389, Drone_390, Drone_391, Drone_392, Drone_393, Drone_394, Drone_395, Drone_396, Drone_397, Drone_398, Drone_399, Drone_400, Drone_401, Drone_402, Drone_403, Drone_404, Drone_405, Drone_406, Drone_407, Drone_408, Drone_409, Drone_410, Drone_411, Drone_412, Drone_413, Drone_414, Drone_415, Drone_416, Drone_417, Drone_418, Drone_419, Drone_420, Drone_421, Drone_422, Drone_423, Drone_424, Drone_425, Drone_426, Drone_427, Drone_428, Drone_429, Drone_430, Drone_431, Drone_432, Drone_433, Drone_434, Drone_435, Drone_436, Drone_437
The following groups are missing in the assignment: protecting Field_110, protecting Field_168, protecting Field_14, protecting Field_143, protecting Field_184, protecting Field_41, protecting Field_205, protecting Field_113, protecting Field_39, protecting Field_105, protecting Field_38, protecting Field_72, protecting Field_32, protecting Field_186, protecting Field_66, protecting Field_60, protecting Field_191, protecting Field_46, protecting Field_121, protecting Field_192, protecting Field_200, protecting Field_161, protecting Field_36, protecting Field_78, protecting Field_88, protecting Field_80, protecting Field_56, protecting Field_148, protecting Field_31, protecting Field_101, protecting Field_203, protecting Field_23, protecting Field_82, protecting Field_8, protecting Field_69, protecting Field_224, protecting Field_83, protecting Field_3, protecting Field_135, protecting Field_138, protecting Field_73, protecting Field_27, protecting Field_152, protecting Field_86, protecting Field_50, protecting Field_114, protecting Field_112, protecting Field_118, protecting Field_131, protecting Field_133, protecting Field_68, protecting Field_208, protecting Field_29, protecting Field_58, protecting Field_6, protecting Field_99, protecting Field_35, protecting Field_13, protecting Field_132, protecting Field_185, protecting Field_75, protecting Field_49, protecting Field_98, protecting Field_190, protecting Field_209, protecting Field_165, protecting Field_76, protecting Field_207, protecting Field_62, protecting Field_199, protecting Field_22, protecting Field_26, protecting Field_174, protecting Field_170, protecting Field_104, protecting Field_92, protecting Field_77, protecting Field_85, protecting Field_63, protecting Field_30, protecting Field_189, protecting Field_97, protecting Field_223, protecting Field_21, protecting Field_146, protecting Field_127, protecting Field_119, protecting Field_188, protecting Field_149, protecting Field_141, protecting Field_100, protecting Field_17, protecting Field_94, protecting Field_19, protecting Field_24, protecting Field_42, protecting Field_116, protecting Field_117, protecting Field_219, protecting Field_57, protecting Field_129, protecting Field_81, protecting Field_108, protecting Field_193, protecting Field_44, protecting Field_65, protecting Field_55, protecting Field_20, protecting Field_218, protecting Field_103, protecting Field_12, protecting Field_150, protecting Field_33, protecting Field_89, protecting Field_102, protecting Field_226, protecting Field_157, protecting Field_70, protecting Field_206, protecting Field_47, protecting Field_202, protecting Field_51, protecting Field_64, protecting Field_106, protecting Field_213, protecting Field_177, protecting Field_163, protecting Field_134, protecting Field_71, protecting Field_120, protecting Field_16, protecting Field_216, protecting Field_67, protecting Field_181, protecting Field_128, protecting Field_10, protecting Field_187, protecting Field_74, protecting Field_7, protecting Field_126, protecting Field_182, protecting Field_2, protecting Field_111, protecting Field_198, protecting Field_159, protecting Field_144, protecting Field_5, protecting Field_151, protecting Field_137, protecting Field_155, protecting Field_227, protecting Field_160, protecting Field_37, protecting Field_4, protecting Field_221, protecting Field_84, protecting Field_145, protecting Field_176, protecting Field_136, protecting Field_61, protecting Field_25, protecting Field_90, protecting Field_53, protecting Field_34, protecting Field_9, protecting Field_222, protecting Field_147, protecting Field_164, protecting Field_214, protecting Field_79, protecting Field_95, protecting Field_124, protecting Field_140, protecting Field_154, protecting Field_175, protecting Field_197, protecting Field_158, protecting Field_167, protecting Field_15, protecting Field_169, protecting Field_18, protecting Field_195, protecting Field_212, protecting Field_54, protecting Field_59, protecting Field_180, protecting Field_1, protecting Field_87, protecting Field_194, protecting Field_130, protecting Field_48, protecting Field_142, protecting Field_217, protecting Field_153, protecting Field_109, protecting Field_43, protecting Field_107
The following components have not been assigned to a group: Drone_124, Drone_125, Drone_126, Drone_127, Drone_128, Drone_129, Drone_130, Drone_131, Drone_132, Drone_133, Drone_134, Drone_135, Drone_136, Drone_137, Drone_138, Drone_139, Drone_140, Drone_141, Drone_142, Drone_143, Drone_144, Drone_145, Drone_146, Drone_147, Drone_148, Drone_149, Drone_150, Drone_151, Drone_152, Drone_153, Drone_154, Drone_155, Drone_156, Drone_157, Drone_158, Drone_159, Drone_160, Drone_161, Drone_162, Drone_163, Drone_164, Drone_165, Drone_166, Drone_167, Drone_168, Drone_169, Drone_170, Drone_171, Drone_172, Drone_173, Drone_174, Drone_175, Drone_176, Drone_177, Drone_178, Drone_179, Drone_180, Drone_181, Drone_182, Drone_183, Drone_184, Drone_185, Drone_186, Drone_187, Drone_188, Drone_189, Drone_190, Drone_191, Drone_192, Drone_193, Drone_194, Drone_195, Drone_196, Drone_197, Drone_198, Drone_199, Drone_200, Drone_201, Drone_202, Drone_203, Drone_204, Drone_205, Drone_206, Drone_207, Drone_208, Drone_209, Drone_210, Drone_211, Drone_212, Drone_213, Drone_214, Drone_215, Drone_216, Drone_217, Drone_218, Drone_219, Drone_220, Drone_221, Drone_222, Drone_223, Drone_224, Drone_225, Drone_226, Drone_227, Drone_228, Drone_229, Drone_230, Drone_231, Drone_232, Drone_233, Drone_234, Drone_235, Drone_236, Drone_237, Drone_238, Drone_239, Drone_240, Drone_241, Drone_242, Drone_243, Drone_244, Drone_245, Drone_246, Drone_247, Drone_248, Drone_249, Drone_250, Drone_251, Drone_252, Drone_253, Drone_254, Drone_255, Drone_256, Drone_257, Drone_258, Drone_259, Drone_260, Drone_261, Drone_262, Drone_263, Drone_264, Drone_265, Drone_266, Drone_267, Drone_268, Drone_269, Drone_270, Drone_271, Drone_272, Drone_273, Drone_274, Drone_275, Drone_276, Drone_277, Drone_278, Drone_279, Drone_280, Drone_281, Drone_282, Drone_283, Drone_284, Drone_285, Drone_286, Drone_287, Drone_288, Drone_289, Drone_290, Drone_291, Drone_292, Drone_293, Drone_294, Drone_295, Drone_296, Drone_297, Drone_298, Drone_299, Drone_300, Drone_301, Drone_302, Drone_303, Drone_304, Drone_305, Drone_306, Drone_307, Drone_308, Drone_309, Drone_310, Drone_311, Drone_312, Drone_313, Drone_314, Drone_315, Drone_316, Drone_317, Drone_318, Drone_319, Drone_320, Drone_321, Drone_322, Drone_323, Drone_324, Drone_325, Drone_326, Drone_327, Drone_328, Drone_329, Drone_330, Drone_331, Drone_332, Drone_333, Drone_334, Drone_335, Drone_336, Drone_337, Drone_338, Drone_339, Drone_340, Drone_341, Drone_342, Drone_343, Drone_344, Drone_345, Drone_346, Drone_347, Drone_348, Drone_349, Drone_350, Drone_351, Drone_352, Drone_353, Drone_354, Drone_355, Drone_356, Drone_357, Drone_358, Drone_359, Drone_360, Drone_361, Drone_362, Drone_363, Drone_364, Drone_365, Drone_366, Drone_367, Drone_368, Drone_369, Drone_370, Drone_371, Drone_372, Drone_373, Drone_374, Drone_375, Drone_376, Drone_377, Drone_378, Drone_379, Drone_380, Drone_381, Drone_382, Drone_383, Drone_384, Drone_385, Drone_386, Drone_387, Drone_388, Drone_389, Drone_390, Drone_391, Drone_392, Drone_393, Drone_394, Drone_395, Drone_396, Drone_397, Drone_398, Drone_399, Drone_400, Drone_401, Drone_402, Drone_403, Drone_404, Drone_405, Drone_406, Drone_407, Drone_408, Drone_409, Drone_410, Drone_411, Drone_412, Drone_413, Drone_414, Drone_415, Drone_416, Drone_417, Drone_418, Drone_419, Drone_420, Drone_421, Drone_422, Drone_423, Drone_424, Drone_425, Drone_426, Drone_427, Drone_428, Drone_429, Drone_430, Drone_431, Drone_432, Drone_433, Drone_434, Drone_435, Drone_436, Drone_437
/datasets/_deepnote_work/llm_adaptation/farm/plots.py:9: DtypeWarning: Columns (37,43,46,52,55,58,61,64,67,76,118,121,127,130,133,136,139,142,145,148,154,157,160,163,169,172,175,178,181,184,187,190,193,196,199,202,205,214,217,220,223,226,229,232,235,238,241,244,247,250,253,256,259,262,265,268,271,274,277,280,283,286,289,292,295,307,310,361,364,367,370,373,379,382,385,391,424,427,430,445,829) have mixed types. Specify dtype option on import or set low_memory=False.
  df = pd.read_csv(file_name if file_name.endswith(".csv") else file_name + ".csv")
